<testsuites id="" name="" tests="43" failures="6" skipped="0" errors="0" time="247.78457999999998">
<testsuite name="TMS/dashboard.spec.ts" timestamp="2025-12-02T09:25:48.722Z" hostname="chromium" tests="9" failures="4" skipped="0" time="181.469" errors="0">
<testcase name="Role-Based Dashboard Access Tests › Operator: Login, verify menus, and logout @smoke @operator" classname="TMS/dashboard.spec.ts" time="23.299">
<system-out>
<![CDATA[Environment Configuration for STAGING:
- Organization: Delhi-Org India
- Tracking ID: rit123
- Org Selectors: 4 defined
- Tracking Selectors: 4 defined
]]>
</system-out>
<system-err>
<![CDATA[⚠️ RBAC Issue: Operator has access to Alerts menu
]]>
</system-err>
</testcase>
<testcase name="Role-Based Dashboard Access Tests › Manager: Login, verify menus, and logout @smoke @manager" classname="TMS/dashboard.spec.ts" time="35.888">
<failure message="dashboard.spec.ts:328:7 Manager: Login, verify menus, and logout @smoke @manager" type="FAILURE">
<![CDATA[  [chromium] › TMS/dashboard.spec.ts:328:7 › Role-Based Dashboard Access Tests › Manager: Login, verify menus, and logout @smoke @manager 

    Test timeout of 30000ms exceeded.

    attachment #1: video (video/webm) ──────────────────────────────────────────────────────────────
    ../test-results/TMS-dashboard-Role-Based-D-f6ae8-us-and-logout-smoke-manager-chromium/video.webm
    ────────────────────────────────────────────────────────────────────────────────────────────────

    Error Context: ../test-results/TMS-dashboard-Role-Based-D-f6ae8-us-and-logout-smoke-manager-chromium/error-context.md

    attachment #3: trace (application/zip) ─────────────────────────────────────────────────────────
    ../test-results/TMS-dashboard-Role-Based-D-f6ae8-us-and-logout-smoke-manager-chromium/trace.zip
    Usage:

        npx playwright show-trace ../test-results/TMS-dashboard-Role-Based-D-f6ae8-us-and-logout-smoke-manager-chromium/trace.zip

    ────────────────────────────────────────────────────────────────────────────────────────────────
]]>
</failure>
<system-out>
<![CDATA[Environment Configuration for STAGING:
- Organization: Delhi-Org India
- Tracking ID: rit123
- Org Selectors: 4 defined
- Tracking Selectors: 4 defined

[[ATTACHMENT|test-results/TMS-dashboard-Role-Based-D-f6ae8-us-and-logout-smoke-manager-chromium/video.webm]]

[[ATTACHMENT|test-results/TMS-dashboard-Role-Based-D-f6ae8-us-and-logout-smoke-manager-chromium/error-context.md]]

[[ATTACHMENT|test-results/TMS-dashboard-Role-Based-D-f6ae8-us-and-logout-smoke-manager-chromium/trace.zip]]
]]>
</system-out>
<system-err>
<![CDATA[Logout error: page.waitForURL: Test timeout of 30000ms exceeded.
=========================== logs ===========================
waiting for navigation until "load"
============================================================
    at DashboardPage.logout [90m(/home/user/Documents/ai-tms-playwright-ts-e2e-tests/[39mpages/dashboard_page.ts:432:19[90m)[39m
    at performReliableLogout [90m(/home/user/Documents/ai-tms-playwright-ts-e2e-tests/[39mtests/TMS/dashboard.spec.ts:54:5[90m)[39m
    at [90m/home/user/Documents/ai-tms-playwright-ts-e2e-tests/[39mtests/TMS/dashboard.spec.ts:381:7
    at [90m/home/user/Documents/ai-tms-playwright-ts-e2e-tests/[39mtests/TMS/dashboard.spec.ts:373:5 {
  [[32mSymbol(step)[39m]: {
    stepId: [32m'pw:api@84'[39m,
    location: {
      file: [32m'/home/user/Documents/ai-tms-playwright-ts-e2e-tests/pages/dashboard_page.ts'[39m,
      line: [33m432[39m,
      column: [33m19[39m,
      function: [32m'DashboardPage.logout'[39m
    },
    category: [32m'pw:api'[39m,
    title: [32m'Wait for navigation'[39m,
    apiName: [32m'page.waitForURL'[39m,
    params: { info: [36m[Object][39m },
    boxedStack: [90mundefined[39m,
    steps: [],
    attachmentIndices: [],
    info: TestStepInfoImpl {
      annotations: [],
      _testInfo: [36m[TestInfoImpl][39m,
      _stepId: [32m'pw:api@84'[39m,
      skip: [36m[Function (anonymous)][39m
    },
    complete: [36m[Function: complete][39m,
    endWallTime: [33m1764667609450[39m,
    error: {
      message: [32m'Error: page.waitForURL: Test timeout of 30000ms exceeded.\n'[39m +
        [32m'=========================== logs ===========================\n'[39m +
        [32m'waiting for navigation until "load"\n'[39m +
        [32m'============================================================'[39m,
      stack: [32m'Error: page.waitForURL: Test timeout of 30000ms exceeded.\n'[39m +
        [32m'=========================== logs ===========================\n'[39m +
        [32m'waiting for navigation until "load"\n'[39m +
        [32m'============================================================\n'[39m +
        [32m'    at DashboardPage.logout (/home/user/Documents/ai-tms-playwright-ts-e2e-tests/pages/dashboard_page.ts:432:19)\n'[39m +
        [32m'    at performReliableLogout (/home/user/Documents/ai-tms-playwright-ts-e2e-tests/tests/TMS/dashboard.spec.ts:54:5)\n'[39m +
        [32m'    at /home/user/Documents/ai-tms-playwright-ts-e2e-tests/tests/TMS/dashboard.spec.ts:381:7\n'[39m +
        [32m'    at /home/user/Documents/ai-tms-playwright-ts-e2e-tests/tests/TMS/dashboard.spec.ts:373:5'[39m,
      cause: [90mundefined[39m
    }
  }
}
]]>
</system-err>
</testcase>
<testcase name="Role-Based Dashboard Access Tests › Compare operator vs manager role-based access @smoke @rbac" classname="TMS/dashboard.spec.ts" time="30.455">
<system-out>
<![CDATA[Environment Configuration for STAGING:
- Organization: Delhi-Org India
- Tracking ID: rit123
- Org Selectors: 4 defined
- Tracking Selectors: 4 defined
Operator menus detected: Dispatch, Shuttles, Replay (3 total)
Manager menus detected: Dispatch, Shuttles, Replay, Stops, Analytics, Alerts, Reports (7 total)
]]>
</system-out>
</testcase>
<testcase name="Role-Based Dashboard Access Tests › Performance: Dashboard load time measurement @performance" classname="TMS/dashboard.spec.ts" time="14.001">
<system-out>
<![CDATA[Environment Configuration for STAGING:
- Organization: Delhi-Org India
- Tracking ID: rit123
- Org Selectors: 4 defined
- Tracking Selectors: 4 defined
]]>
</system-out>
</testcase>
<testcase name="Role-Based Dashboard Access Tests › Menu Navigation: Test all accessible menus with 5 second intervals @navigation" classname="TMS/dashboard.spec.ts" time="19.659">
<system-out>
<![CDATA[Environment Configuration for STAGING:
- Organization: Delhi-Org India
- Tracking ID: rit123
- Org Selectors: 4 defined
- Tracking Selectors: 4 defined
]]>
</system-out>
</testcase>
<testcase name="Role-Based Dashboard Access Tests › Manager Menu Navigation: Simplified test @navigation @manager" classname="TMS/dashboard.spec.ts" time="12.411">
<system-out>
<![CDATA[Environment Configuration for STAGING:
- Organization: Delhi-Org India
- Tracking ID: rit123
- Org Selectors: 4 defined
- Tracking Selectors: 4 defined
]]>
</system-out>
</testcase>
<testcase name="Role-Based Dashboard Access Tests › Operator: Profile access and functionality @smoke @operator @profile" classname="TMS/dashboard.spec.ts" time="14.563">
<failure message="dashboard.spec.ts:747:7 Operator: Profile access and functionality @smoke @operator @profile" type="FAILURE">
<![CDATA[  [chromium] › TMS/dashboard.spec.ts:747:7 › Role-Based Dashboard Access Tests › Operator: Profile access and functionality @smoke @operator @profile › Access and verify operator profile 

    Error: expect.toBeVisible: Error: strict mode violation: locator('button.submit_btn, button[type="submit"], button:has-text("Update"), button:has-text("Save")') resolved to 6 elements:
        1) <button type="button" class="btn submit_btn" onclick="change_frontdeskpassword('rit-321')">Update</button> aka getByRole('button', { name: 'Update' })
        2) <button type="submit" class="submit_btn" onclick="front_desk_login('MzEwMQ==')">Switch</button> aka locator('#switchOrganization').getByText('Switch', { exact: true })
        3) <button type="submit" class="submit_btn confirm-switch ">Switch</button> aka locator('#switchModal').getByText('Switch', { exact: true })
        4) <button type="button" data-dismiss="modal" class="submit_btn btn-sm info-success">OK</button> aka getByText('OK', { exact: true })
        5) <button type="button" data-dismiss="modal" class="submit_btn btn-sm">Make Visible</button> aka locator('#confirmBox2ID').getByText('Make Visible')
        6) <button type="button" id="confirm-btn" class="submit_btn btn-sm">Make Visible</button> aka locator('#confirm-btn')

    Call log:
      - Expect "toBeVisible" with timeout 10000ms
      - waiting for locator('button.submit_btn, button[type="submit"], button:has-text("Update"), button:has-text("Save")')


       at ../pages/profile_page.ts:494

      492 |     await expect(this.newPasswordInput).toBeVisible();
      493 |     await expect(this.confirmPasswordInput).toBeVisible();
    > 494 |     await expect(this.updatePasswordButton).toBeVisible();
          |                                             ^
      495 |
      496 |     // Switch back to Profile Details tab
      497 |     await this.clickProfileDetailsTab();
        at ProfilePage.verifyOperatorProfileAccess (/home/user/Documents/ai-tms-playwright-ts-e2e-tests/pages/profile_page.ts:494:45)
        at /home/user/Documents/ai-tms-playwright-ts-e2e-tests/tests/TMS/dashboard.spec.ts:778:7
        at /home/user/Documents/ai-tms-playwright-ts-e2e-tests/tests/TMS/dashboard.spec.ts:773:5

    attachment #1: screenshot (image/png) ──────────────────────────────────────────────────────────
    ../test-results/TMS-dashboard-Role-Based-D-95930-lity-smoke-operator-profile-chromium/test-failed-1.png
    ────────────────────────────────────────────────────────────────────────────────────────────────

    attachment #2: video (video/webm) ──────────────────────────────────────────────────────────────
    ../test-results/TMS-dashboard-Role-Based-D-95930-lity-smoke-operator-profile-chromium/video.webm
    ────────────────────────────────────────────────────────────────────────────────────────────────

    Error Context: ../test-results/TMS-dashboard-Role-Based-D-95930-lity-smoke-operator-profile-chromium/error-context.md

    attachment #4: trace (application/zip) ─────────────────────────────────────────────────────────
    ../test-results/TMS-dashboard-Role-Based-D-95930-lity-smoke-operator-profile-chromium/trace.zip
    Usage:

        npx playwright show-trace ../test-results/TMS-dashboard-Role-Based-D-95930-lity-smoke-operator-profile-chromium/trace.zip

    ────────────────────────────────────────────────────────────────────────────────────────────────
]]>
</failure>
<system-out>
<![CDATA[Environment Configuration for STAGING:
- Organization: Delhi-Org India
- Tracking ID: rit123
- Org Selectors: 4 defined
- Tracking Selectors: 4 defined
DEBUG: Searching for profile navigation elements...
DEBUG: Found dropdown with selector: text="Delhi-Org India"
DEBUG: Dropdown clicked, searching for profile links...
DEBUG: Found potential profile link: "View Profile" with selector: a:has-text("View Profile")
DEBUG: Clicked profile link: "View Profile"
Successfully navigated to and verified profile page

[[ATTACHMENT|test-results/TMS-dashboard-Role-Based-D-95930-lity-smoke-operator-profile-chromium/test-failed-1.png]]

[[ATTACHMENT|test-results/TMS-dashboard-Role-Based-D-95930-lity-smoke-operator-profile-chromium/video.webm]]

[[ATTACHMENT|test-results/TMS-dashboard-Role-Based-D-95930-lity-smoke-operator-profile-chromium/error-context.md]]

[[ATTACHMENT|test-results/TMS-dashboard-Role-Based-D-95930-lity-smoke-operator-profile-chromium/trace.zip]]
]]>
</system-out>
</testcase>
<testcase name="Role-Based Dashboard Access Tests › Manager: Profile access and functionality @smoke @manager @profile" classname="TMS/dashboard.spec.ts" time="18.306">
<failure message="dashboard.spec.ts:796:7 Manager: Profile access and functionality @smoke @manager @profile" type="FAILURE">
<![CDATA[  [chromium] › TMS/dashboard.spec.ts:796:7 › Role-Based Dashboard Access Tests › Manager: Profile access and functionality @smoke @manager @profile › Access and verify manager profile 

    Error: expect.toBeVisible: Error: strict mode violation: locator('button.submit_btn, button[type="submit"], button:has-text("Update"), button:has-text("Save")') resolved to 6 elements:
        1) <button type="button" class="btn submit_btn" onclick="change_frontdeskpassword('rit-321')">Update</button> aka getByRole('button', { name: 'Update' })
        2) <button type="submit" class="submit_btn" onclick="front_desk_login('MzEwMA==')">Switch</button> aka locator('#switchOrganization').getByText('Switch', { exact: true })
        3) <button type="submit" class="submit_btn confirm-switch ">Switch</button> aka locator('#switchModal').getByText('Switch', { exact: true })
        4) <button type="button" data-dismiss="modal" class="submit_btn btn-sm info-success">OK</button> aka getByText('OK', { exact: true })
        5) <button type="button" data-dismiss="modal" class="submit_btn btn-sm">Make Visible</button> aka locator('#confirmBox2ID').getByText('Make Visible')
        6) <button type="button" id="confirm-btn" class="submit_btn btn-sm">Make Visible</button> aka locator('#confirm-btn')

    Call log:
      - Expect "toBeVisible" with timeout 10000ms
      - waiting for locator('button.submit_btn, button[type="submit"], button:has-text("Update"), button:has-text("Save")')


       at ../pages/profile_page.ts:510

      508 |     await expect(this.newPasswordInput).toBeVisible();
      509 |     await expect(this.confirmPasswordInput).toBeVisible();
    > 510 |     await expect(this.updatePasswordButton).toBeVisible();
          |                                             ^
      511 |
      512 |     // Switch back to Profile Details tab
      513 |     await this.clickProfileDetailsTab();
        at ProfilePage.verifyManagerProfileAccess (/home/user/Documents/ai-tms-playwright-ts-e2e-tests/pages/profile_page.ts:510:45)
        at /home/user/Documents/ai-tms-playwright-ts-e2e-tests/tests/TMS/dashboard.spec.ts:827:7
        at /home/user/Documents/ai-tms-playwright-ts-e2e-tests/tests/TMS/dashboard.spec.ts:822:5

    attachment #1: screenshot (image/png) ──────────────────────────────────────────────────────────
    ../test-results/TMS-dashboard-Role-Based-D-84e84-ality-smoke-manager-profile-chromium/test-failed-1.png
    ────────────────────────────────────────────────────────────────────────────────────────────────

    attachment #2: video (video/webm) ──────────────────────────────────────────────────────────────
    ../test-results/TMS-dashboard-Role-Based-D-84e84-ality-smoke-manager-profile-chromium/video.webm
    ────────────────────────────────────────────────────────────────────────────────────────────────

    Error Context: ../test-results/TMS-dashboard-Role-Based-D-84e84-ality-smoke-manager-profile-chromium/error-context.md

    attachment #4: trace (application/zip) ─────────────────────────────────────────────────────────
    ../test-results/TMS-dashboard-Role-Based-D-84e84-ality-smoke-manager-profile-chromium/trace.zip
    Usage:

        npx playwright show-trace ../test-results/TMS-dashboard-Role-Based-D-84e84-ality-smoke-manager-profile-chromium/trace.zip

    ────────────────────────────────────────────────────────────────────────────────────────────────
]]>
</failure>
<system-out>
<![CDATA[Environment Configuration for STAGING:
- Organization: Delhi-Org India
- Tracking ID: rit123
- Org Selectors: 4 defined
- Tracking Selectors: 4 defined
DEBUG: Searching for profile navigation elements...
DEBUG: Found dropdown with selector: text="Delhi-Org India"
DEBUG: Dropdown clicked, searching for profile links...
DEBUG: Found potential profile link: "View Profile" with selector: a:has-text("View Profile")
DEBUG: Clicked profile link: "View Profile"
Successfully navigated to and verified profile page

[[ATTACHMENT|test-results/TMS-dashboard-Role-Based-D-84e84-ality-smoke-manager-profile-chromium/test-failed-1.png]]

[[ATTACHMENT|test-results/TMS-dashboard-Role-Based-D-84e84-ality-smoke-manager-profile-chromium/video.webm]]

[[ATTACHMENT|test-results/TMS-dashboard-Role-Based-D-84e84-ality-smoke-manager-profile-chromium/error-context.md]]

[[ATTACHMENT|test-results/TMS-dashboard-Role-Based-D-84e84-ality-smoke-manager-profile-chromium/trace.zip]]
]]>
</system-out>
</testcase>
<testcase name="Role-Based Dashboard Access Tests › Profile: Role comparison test @smoke @profile @rbac" classname="TMS/dashboard.spec.ts" time="12.887">
<failure message="dashboard.spec.ts:854:7 Profile: Role comparison test @smoke @profile @rbac" type="FAILURE">
<![CDATA[  [chromium] › TMS/dashboard.spec.ts:854:7 › Role-Based Dashboard Access Tests › Profile: Role comparison test @smoke @profile @rbac › Test operator profile access 

    Error: expect.toBeVisible: Error: strict mode violation: locator('button.submit_btn, button[type="submit"], button:has-text("Update"), button:has-text("Save")') resolved to 6 elements:
        1) <button type="button" class="btn submit_btn" onclick="change_frontdeskpassword('rit-321')">Update</button> aka getByRole('button', { name: 'Update' })
        2) <button type="submit" class="submit_btn" onclick="front_desk_login('MzEwMQ==')">Switch</button> aka locator('#switchOrganization').getByText('Switch', { exact: true })
        3) <button type="submit" class="submit_btn confirm-switch ">Switch</button> aka locator('#switchModal').getByText('Switch', { exact: true })
        4) <button type="button" data-dismiss="modal" class="submit_btn btn-sm info-success">OK</button> aka getByText('OK', { exact: true })
        5) <button type="button" data-dismiss="modal" class="submit_btn btn-sm">Make Visible</button> aka locator('#confirmBox2ID').getByText('Make Visible')
        6) <button type="button" id="confirm-btn" class="submit_btn btn-sm">Make Visible</button> aka locator('#confirm-btn')

    Call log:
      - Expect "toBeVisible" with timeout 10000ms
      - waiting for locator('button.submit_btn, button[type="submit"], button:has-text("Update"), button:has-text("Save")')


       at ../pages/profile_page.ts:494

      492 |     await expect(this.newPasswordInput).toBeVisible();
      493 |     await expect(this.confirmPasswordInput).toBeVisible();
    > 494 |     await expect(this.updatePasswordButton).toBeVisible();
          |                                             ^
      495 |
      496 |     // Switch back to Profile Details tab
      497 |     await this.clickProfileDetailsTab();
        at ProfilePage.verifyOperatorProfileAccess (/home/user/Documents/ai-tms-playwright-ts-e2e-tests/pages/profile_page.ts:494:45)
        at /home/user/Documents/ai-tms-playwright-ts-e2e-tests/tests/TMS/dashboard.spec.ts:886:7
        at /home/user/Documents/ai-tms-playwright-ts-e2e-tests/tests/TMS/dashboard.spec.ts:871:5

    attachment #1: screenshot (image/png) ──────────────────────────────────────────────────────────
    ../test-results/TMS-dashboard-Role-Based-D-e828b-son-test-smoke-profile-rbac-chromium/test-failed-1.png
    ────────────────────────────────────────────────────────────────────────────────────────────────

    attachment #2: video (video/webm) ──────────────────────────────────────────────────────────────
    ../test-results/TMS-dashboard-Role-Based-D-e828b-son-test-smoke-profile-rbac-chromium/video.webm
    ────────────────────────────────────────────────────────────────────────────────────────────────

    Error Context: ../test-results/TMS-dashboard-Role-Based-D-e828b-son-test-smoke-profile-rbac-chromium/error-context.md

    attachment #4: trace (application/zip) ─────────────────────────────────────────────────────────
    ../test-results/TMS-dashboard-Role-Based-D-e828b-son-test-smoke-profile-rbac-chromium/trace.zip
    Usage:

        npx playwright show-trace ../test-results/TMS-dashboard-Role-Based-D-e828b-son-test-smoke-profile-rbac-chromium/trace.zip

    ────────────────────────────────────────────────────────────────────────────────────────────────
]]>
</failure>
<system-out>
<![CDATA[Environment Configuration for STAGING:
- Organization: Delhi-Org India
- Tracking ID: rit123
- Org Selectors: 4 defined
- Tracking Selectors: 4 defined
DEBUG: Searching for profile navigation elements...
DEBUG: Found dropdown with selector: text="Delhi-Org India"
DEBUG: Dropdown clicked, searching for profile links...
DEBUG: Found potential profile link: "View Profile" with selector: a:has-text("View Profile")
DEBUG: Clicked profile link: "View Profile"
Successfully navigated to and verified profile page

[[ATTACHMENT|test-results/TMS-dashboard-Role-Based-D-e828b-son-test-smoke-profile-rbac-chromium/test-failed-1.png]]

[[ATTACHMENT|test-results/TMS-dashboard-Role-Based-D-e828b-son-test-smoke-profile-rbac-chromium/video.webm]]

[[ATTACHMENT|test-results/TMS-dashboard-Role-Based-D-e828b-son-test-smoke-profile-rbac-chromium/error-context.md]]

[[ATTACHMENT|test-results/TMS-dashboard-Role-Based-D-e828b-son-test-smoke-profile-rbac-chromium/trace.zip]]
]]>
</system-out>
</testcase>
</testsuite>
<testsuite name="TMS/login.spec.ts" timestamp="2025-12-02T09:25:48.722Z" hostname="chromium" tests="32" failures="0" skipped="0" time="192.768" errors="0">
<testcase name="TrackMyShuttle Login Tests › should display all login page elements @smoke @system" classname="TMS/login.spec.ts" time="4.084">
</testcase>
<testcase name="TrackMyShuttle Login Tests › should handle empty credentials @smoke @regression" classname="TMS/login.spec.ts" time="7.915">
</testcase>
<testcase name="TrackMyShuttle Login Tests › should handle invalid email format @regression" classname="TMS/login.spec.ts" time="5.213">
</testcase>
<testcase name="TrackMyShuttle Login Tests › should toggle password visibility @system" classname="TMS/login.spec.ts" time="3.715">
</testcase>
<testcase name="TrackMyShuttle Login Tests › should remember me checkbox functionality @system @regression" classname="TMS/login.spec.ts" time="3.481">
</testcase>
<testcase name="TrackMyShuttle Login Tests › should navigate to activate account page and verify elements @smoke @system" classname="TMS/login.spec.ts" time="10.466">
</testcase>
<testcase name="TrackMyShuttle Login Tests › should navigate to forgot password page @smoke @system" classname="TMS/login.spec.ts" time="3.795">
</testcase>
<testcase name="TrackMyShuttle Login Tests › should display and submit forgot password page" classname="TMS/login.spec.ts" time="8.887">
</testcase>
<testcase name="TrackMyShuttle Login Tests › should display phone number correctly @system" classname="TMS/login.spec.ts" time="2.751">
</testcase>
<testcase name="TrackMyShuttle Login Tests › should have correct form action and method @system @regression" classname="TMS/login.spec.ts" time="2.948">
</testcase>
<testcase name="TrackMyShuttle Login Tests › should load login page within acceptable time @system" classname="TMS/login.spec.ts" time="3.411">
</testcase>
<testcase name="TrackMyShuttle Login Tests › should validate cross-page navigation flow @system @integration" classname="TMS/login.spec.ts" time="7.616">
</testcase>
<testcase name="TrackMyShuttle Login Tests › should maintain consistent UI elements across pages @system" classname="TMS/login.spec.ts" time="4.885">
</testcase>
<testcase name="TrackMyShuttle Login Tests › should login with valid credentials @smoke @system @regression" classname="TMS/login.spec.ts" time="13.249">
</testcase>
<testcase name="TrackMyShuttle Login Tests › should login as operator and manager @smoke @system" classname="TMS/login.spec.ts" time="13.366">
<system-out>
<![CDATA[✓ Operator login successful
✓ Manager login successful
]]>
</system-out>
</testcase>
<testcase name="TrackMyShuttle Login Tests › should handle session timeout and redirect @system @regression" classname="TMS/login.spec.ts" time="6.094">
</testcase>
<testcase name="TrackMyShuttle Login Tests › Activate Account Page Tests › should display all activate account page elements @smoke @system" classname="TMS/login.spec.ts" time="4.813">
</testcase>
<testcase name="TrackMyShuttle Login Tests › Activate Account Page Tests › should have correct form attributes @system" classname="TMS/login.spec.ts" time="4.236">
</testcase>
<testcase name="TrackMyShuttle Login Tests › Activate Account Page Tests › should require terms acceptance to enable activate button @system @regression" classname="TMS/login.spec.ts" time="5.14">
</testcase>
<testcase name="TrackMyShuttle Login Tests › Activate Account Page Tests › should handle empty form submission @smoke @regression" classname="TMS/login.spec.ts" time="5.93">
</testcase>
<testcase name="TrackMyShuttle Login Tests › Activate Account Page Tests › should validate email format @regression" classname="TMS/login.spec.ts" time="6.264">
</testcase>
<testcase name="TrackMyShuttle Login Tests › Activate Account Page Tests › should validate phone number format @regression" classname="TMS/login.spec.ts" time="6.045">
</testcase>
<testcase name="TrackMyShuttle Login Tests › Activate Account Page Tests › should validate activation code format @regression" classname="TMS/login.spec.ts" time="6.434">
</testcase>
<testcase name="TrackMyShuttle Login Tests › Activate Account Page Tests › should toggle password visibility @system" classname="TMS/login.spec.ts" time="4.973">
</testcase>
<testcase name="TrackMyShuttle Login Tests › Activate Account Page Tests › should validate password requirements @regression" classname="TMS/login.spec.ts" time="6.221">
</testcase>
<testcase name="TrackMyShuttle Login Tests › Activate Account Page Tests › should validate first name field @regression" classname="TMS/login.spec.ts" time="5.598">
</testcase>
<testcase name="TrackMyShuttle Login Tests › Activate Account Page Tests › should validate last name field @regression" classname="TMS/login.spec.ts" time="5.927">
</testcase>
<testcase name="TrackMyShuttle Login Tests › Activate Account Page Tests › should handle country code selection @system" classname="TMS/login.spec.ts" time="6.38">
</testcase>
<testcase name="TrackMyShuttle Login Tests › Activate Account Page Tests › should clear form fields @system" classname="TMS/login.spec.ts" time="5.335">
</testcase>
<testcase name="TrackMyShuttle Login Tests › Activate Account Page Tests › should navigate back to login page @system" classname="TMS/login.spec.ts" time="5.432">
</testcase>
<testcase name="TrackMyShuttle Login Tests › Activate Account Page Tests › should verify privacy policy link @system" classname="TMS/login.spec.ts" time="4.676">
</testcase>
<testcase name="TrackMyShuttle Login Tests › Activate Account Page Tests › should handle maximum character limits @regression" classname="TMS/login.spec.ts" time="7.488">
</testcase>
</testsuite>
<testsuite name="TMS/settings.spec.ts" timestamp="2025-12-02T09:25:48.722Z" hostname="chromium" tests="2" failures="2" skipped="0" time="50.924" errors="0">
<testcase name="Settings Page Tests › Manager: Settings access @smoke @manager @settings" classname="TMS/settings.spec.ts" time="33.551">
<failure message="settings.spec.ts:35:7 Manager: Settings access @smoke @manager @settings" type="FAILURE">
<![CDATA[  [chromium] › TMS/settings.spec.ts:35:7 › Settings Page Tests › Manager: Settings access @smoke @manager @settings 

    Test timeout of 30000ms exceeded.

    Error: page.goto: Target page, context or browser has been closed

       at ../pages/dashboard_page.ts:441

      439 |       const baseUrl = process.env.BASE_URL || "";
      440 |       if (baseUrl) {
    > 441 |         await this.page.goto(`${baseUrl}/login`);
          |                         ^
      442 |       } else {
      443 |         // Try to get base URL from current page
      444 |         const currentUrl = this.page.url();
        at DashboardPage.logout (/home/user/Documents/ai-tms-playwright-ts-e2e-tests/pages/dashboard_page.ts:441:25)
        at /home/user/Documents/ai-tms-playwright-ts-e2e-tests/tests/TMS/settings.spec.ts:56:5

    attachment #1: screenshot (image/png) ──────────────────────────────────────────────────────────
    ../test-results/TMS-settings-Settings-Page-f10dc-cess-smoke-manager-settings-chromium/test-failed-1.png
    ────────────────────────────────────────────────────────────────────────────────────────────────

    attachment #2: video (video/webm) ──────────────────────────────────────────────────────────────
    ../test-results/TMS-settings-Settings-Page-f10dc-cess-smoke-manager-settings-chromium/video.webm
    ────────────────────────────────────────────────────────────────────────────────────────────────

    Error Context: ../test-results/TMS-settings-Settings-Page-f10dc-cess-smoke-manager-settings-chromium/error-context.md

    attachment #4: trace (application/zip) ─────────────────────────────────────────────────────────
    ../test-results/TMS-settings-Settings-Page-f10dc-cess-smoke-manager-settings-chromium/trace.zip
    Usage:

        npx playwright show-trace ../test-results/TMS-settings-Settings-Page-f10dc-cess-smoke-manager-settings-chromium/trace.zip

    ────────────────────────────────────────────────────────────────────────────────────────────────
]]>
</failure>
<system-out>
<![CDATA[Environment Configuration for STAGING:
- Organization: Delhi-Org India
- Tracking ID: rit123
- Org Selectors: 4 defined
- Tracking Selectors: 4 defined

[[ATTACHMENT|test-results/TMS-settings-Settings-Page-f10dc-cess-smoke-manager-settings-chromium/test-failed-1.png]]

[[ATTACHMENT|test-results/TMS-settings-Settings-Page-f10dc-cess-smoke-manager-settings-chromium/video.webm]]

[[ATTACHMENT|test-results/TMS-settings-Settings-Page-f10dc-cess-smoke-manager-settings-chromium/error-context.md]]

[[ATTACHMENT|test-results/TMS-settings-Settings-Page-f10dc-cess-smoke-manager-settings-chromium/trace.zip]]
]]>
</system-out>
<system-err>
<![CDATA[Logout error: page.waitForURL: Test timeout of 30000ms exceeded.
    at DashboardPage.logout [90m(/home/user/Documents/ai-tms-playwright-ts-e2e-tests/[39mpages/dashboard_page.ts:432:19[90m)[39m
    at [90m/home/user/Documents/ai-tms-playwright-ts-e2e-tests/[39mtests/TMS/settings.spec.ts:56:5 {
  [[32mSymbol(step)[39m]: {
    stepId: [32m'pw:api@37'[39m,
    location: {
      file: [32m'/home/user/Documents/ai-tms-playwright-ts-e2e-tests/pages/dashboard_page.ts'[39m,
      line: [33m432[39m,
      column: [33m19[39m,
      function: [32m'DashboardPage.logout'[39m
    },
    category: [32m'pw:api'[39m,
    title: [32m'Wait for load state "load"'[39m,
    apiName: [32m'page.waitForURL'[39m,
    params: { info: [36m[Object][39m },
    boxedStack: [90mundefined[39m,
    steps: [],
    attachmentIndices: [],
    info: TestStepInfoImpl {
      annotations: [],
      _testInfo: [36m[TestInfoImpl][39m,
      _stepId: [32m'pw:api@37'[39m,
      skip: [36m[Function (anonymous)][39m
    },
    complete: [36m[Function: complete][39m,
    endWallTime: [33m1764667775423[39m,
    error: {
      message: [32m'Error: page.waitForURL: Test timeout of 30000ms exceeded.'[39m,
      stack: [32m'Error: page.waitForURL: Test timeout of 30000ms exceeded.\n'[39m +
        [32m'    at DashboardPage.logout (/home/user/Documents/ai-tms-playwright-ts-e2e-tests/pages/dashboard_page.ts:432:19)\n'[39m +
        [32m'    at /home/user/Documents/ai-tms-playwright-ts-e2e-tests/tests/TMS/settings.spec.ts:56:5'[39m,
      cause: [90mundefined[39m
    }
  }
}
]]>
</system-err>
</testcase>
<testcase name="Settings Page Tests › Performance: Settings load time @performance @settings" classname="TMS/settings.spec.ts" time="17.373">
<failure message="settings.spec.ts:59:7 Performance: Settings load time @performance @settings" type="FAILURE">
<![CDATA[  [chromium] › TMS/settings.spec.ts:59:7 › Settings Page Tests › Performance: Settings load time @performance @settings 

    TimeoutError: page.waitForURL: Timeout 10000ms exceeded.

      72 |     await loginPage.passwordInput.fill(managerCreds.password);
      73 |     await loginPage.loginButton.click();
    > 74 |     await page.waitForURL("**/dashboard", { timeout: 10000 });
         |                ^
      75 |
      76 |     // Measure performance
      77 |     const startTime = Date.now();
        at /home/user/Documents/ai-tms-playwright-ts-e2e-tests/tests/TMS/settings.spec.ts:74:16

    attachment #1: screenshot (image/png) ──────────────────────────────────────────────────────────
    ../test-results/TMS-settings-Settings-Page-9ddf0-d-time-performance-settings-chromium/test-failed-1.png
    ────────────────────────────────────────────────────────────────────────────────────────────────

    attachment #2: video (video/webm) ──────────────────────────────────────────────────────────────
    ../test-results/TMS-settings-Settings-Page-9ddf0-d-time-performance-settings-chromium/video.webm
    ────────────────────────────────────────────────────────────────────────────────────────────────

    Error Context: ../test-results/TMS-settings-Settings-Page-9ddf0-d-time-performance-settings-chromium/error-context.md

    attachment #4: trace (application/zip) ─────────────────────────────────────────────────────────
    ../test-results/TMS-settings-Settings-Page-9ddf0-d-time-performance-settings-chromium/trace.zip
    Usage:

        npx playwright show-trace ../test-results/TMS-settings-Settings-Page-9ddf0-d-time-performance-settings-chromium/trace.zip

    ────────────────────────────────────────────────────────────────────────────────────────────────
]]>
</failure>
<system-out>
<![CDATA[Environment Configuration for STAGING:
- Organization: Delhi-Org India
- Tracking ID: rit123
- Org Selectors: 4 defined
- Tracking Selectors: 4 defined

[[ATTACHMENT|test-results/TMS-settings-Settings-Page-9ddf0-d-time-performance-settings-chromium/test-failed-1.png]]

[[ATTACHMENT|test-results/TMS-settings-Settings-Page-9ddf0-d-time-performance-settings-chromium/video.webm]]

[[ATTACHMENT|test-results/TMS-settings-Settings-Page-9ddf0-d-time-performance-settings-chromium/error-context.md]]

[[ATTACHMENT|test-results/TMS-settings-Settings-Page-9ddf0-d-time-performance-settings-chromium/trace.zip]]
]]>
</system-out>
</testcase>
</testsuite>
</testsuites>